// Jest Snapshot v1, https://goo.gl/fbAQLP

exports[`Page404.vue renders correctly 1`] = `
<div
  class="app flex-row align-items-center"
>
  <div
    class="container"
  >
    <b-row-stub
      class="justify-content-center"
      tag="div"
    >
      <b-col-stub
        md="6"
        tag="div"
      >
        <div
          class="clearfix"
        >
          <h1
            class="float-left display-3 mr-4"
          >
            404
          </h1>
           
          <h4
            class="pt-3"
          >
            Oops! You're lost.
          </h4>
           
          <p
            class="text-muted"
          >
            The page you are looking for was not found.
          </p>
        </div>
         
        <b-input-group-stub
          tag="div"
        >
          <b-input-group-prepend-stub
            tag="div"
          >
            <b-input-group-text-stub
              tag="div"
            >
              <i
                class="fa fa-search"
              />
            </b-input-group-text-stub>
          </b-input-group-prepend-stub>
           
          <input
            class="form-control"
            id="prependedInput"
            placeholder="What are you looking for?"
            size="16"
            type="text"
          />
           
          <b-input-group-append-stub
            tag="div"
          >
            <b-button-stub
              event="click"
              routertag="a"
              tag="button"
              target="_self"
              type="button"
              variant="info"
            >
              Search
            </b-button-stub>
          </b-input-group-append-stub>
        </b-input-group-stub>
      </b-col-stub>
    </b-row-stub>
  </div>
</div>
`;
