// Jest Snapshot v1, https://goo.gl/fbAQLP

exports[`User.vue renders correctly 1`] = `
<b-row-stub
  tag="div"
>
  <b-col-stub
    cols="12"
    lg="6"
    tag="div"
  >
    <b-card-stub
      bodytag="div"
      footertag="div"
      headertag="div"
      no-header=""
      subtitle=""
      subtitletag="h6"
      subtitletextvariant="muted"
      tag="div"
      title=""
      titletag="h4"
    >
      <template>
        
        User id:  
      
      </template>
       
      <b-table-stub
        apiurl=""
        currentpage="1"
        emptyfilteredtext="There are no records matching your request"
        emptytext="There are no records to show"
        fields="[object Object],[object Object]"
        fixed="true"
        items="[object Object]"
        labelsortasc="Click to sort Ascending"
        labelsortclear="Click to clear sorting"
        labelsortdesc="Click to sort Descending"
        perpage="0"
        responsive="sm"
        selectedvariant="primary"
        selectmode="multi"
        small="true"
        sortby=""
        sortdirection="asc"
        striped="true"
        value=""
      />
       
      <template>
        <b-button-stub
          event="click"
          routertag="a"
          tag="button"
          target="_self"
          type="button"
          variant="secondary"
        >
          Back
        </b-button-stub>
      </template>
    </b-card-stub>
  </b-col-stub>
</b-row-stub>
`;
